Archive member included to satisfy reference by file (symbol)

/home/optee/qemu-optee/optee_os/out/arm/export-ta_arm32/lib/libutils.a(trace.o)
                              ./test_function_call_ta.o (trace_printf)
/home/optee/qemu-optee/optee_os/out/arm/export-ta_arm32/lib/libutils.a(aeabi_unwind.o)
                              /home/optee/qemu-optee/optee_os/out/arm/export-ta_arm32/lib/libutils.a(trace.o) (__aeabi_unwind_cpp_pr0)
/home/optee/qemu-optee/optee_os/out/arm/export-ta_arm32/lib/libutils.a(snprintk.o)
                              /home/optee/qemu-optee/optee_os/out/arm/export-ta_arm32/lib/libutils.a(trace.o) (snprintk)
/home/optee/qemu-optee/optee_os/out/arm/export-ta_arm32/lib/libutils.a(memchr.o)
                              /home/optee/qemu-optee/optee_os/out/arm/export-ta_arm32/lib/libutils.a(snprintk.o) (memchr)
/home/optee/qemu-optee/optee_os/out/arm/export-ta_arm32/lib/libutils.a(strlen.o)
                              /home/optee/qemu-optee/optee_os/out/arm/export-ta_arm32/lib/libutils.a(snprintk.o) (strlen)
/home/optee/qemu-optee/optee_os/out/arm/export-ta_arm32/lib/libutils.a(arm32_aeabi_ldivmod_a32.o)
                              /home/optee/qemu-optee/optee_os/out/arm/export-ta_arm32/lib/libutils.a(snprintk.o) (__aeabi_uldivmod)
/home/optee/qemu-optee/optee_os/out/arm/export-ta_arm32/lib/libutils.a(arm32_aeabi_ldivmod.o)
                              /home/optee/qemu-optee/optee_os/out/arm/export-ta_arm32/lib/libutils.a(arm32_aeabi_ldivmod_a32.o) (__ul_divmod)
/home/optee/qemu-optee/optee_os/out/arm/export-ta_arm32/lib/libutee.a(trace_ext.o)
                              /home/optee/qemu-optee/optee_os/out/arm/export-ta_arm32/lib/libutils.a(trace.o) (trace_ext_puts)
/home/optee/qemu-optee/optee_os/out/arm/export-ta_arm32/lib/libutee.a(utee_syscalls_a32.o)
                              /home/optee/qemu-optee/optee_os/out/arm/export-ta_arm32/lib/libutee.a(trace_ext.o) (utee_log)
/home/optee/qemu-optee/optee_os/out/arm/export-ta_arm32/lib/libutils.a(snprintf.o)
                              /home/optee/qemu-optee/optee_os/out/arm/export-ta_arm32/lib/libutee.a(trace_ext.o) (vsnprintf)
